// Jest Snapshot v1, https://goo.gl/fbAQLP

exports[`MedicalAppointment SnapShot 1`] = `
<View
  style={
    Array [
      Object {
        "flex": 1,
      },
      undefined,
      false,
      undefined,
      undefined,
      undefined,
      undefined,
      undefined,
      undefined,
      undefined,
      undefined,
      undefined,
      undefined,
      undefined,
      Object {
        "alignItems": "center",
        "alignSelf": "center",
        "backgroundColor": "#ffffff",
        "justifyContent": "center",
        "marginTop": 50,
        "paddingLeft": 40,
        "paddingRight": 40,
        "textAlign": "center",
      },
    ]
  }
>
  <RCTScrollView>
    <View>
      <View
        accessible={true}
        isTVSelectable={true}
        onResponderGrant={[Function]}
        onResponderMove={[Function]}
        onResponderRelease={[Function]}
        onResponderTerminate={[Function]}
        onResponderTerminationRequest={[Function]}
        onStartShouldSetResponder={[Function]}
        style={
          Object {
            "opacity": 1,
          }
        }
      >
        <View
          style={
            Array [
              Object {
                "flex": 1,
              },
              undefined,
              false,
              undefined,
              undefined,
              undefined,
              undefined,
              undefined,
              undefined,
              Object {
                "borderRadius": 10,
              },
              Object {
                "shadowColor": "#000000",
                "shadowOffset": Object {
                  "height": 4,
                  "width": 0,
                },
                "shadowOpacity": 0.1,
                "shadowRadius": 10,
              },
              undefined,
              undefined,
              undefined,
              Object {
                "alignSelf": "center",
                "width": "85%",
              },
            ]
          }
        >
          <Text
            style={
              Object {
                "alignSelf": "center",
                "fontSize": 20,
                "fontWeight": "bold",
                "marginTop": 20,
              }
            }
          >
            Full Appointment
          </Text>
          <Image
            source={
              Object {
                "testUri": "../../../assets/appointment_list.png",
              }
            }
            style={
              Object {
                "alignContent": "center",
                "alignItems": "center",
                "alignSelf": "center",
                "height": 230,
                "marginBottom": 20,
                "width": 230,
              }
            }
          />
        </View>
      </View>
      <View
        accessible={true}
        isTVSelectable={true}
        onResponderGrant={[Function]}
        onResponderMove={[Function]}
        onResponderRelease={[Function]}
        onResponderTerminate={[Function]}
        onResponderTerminationRequest={[Function]}
        onStartShouldSetResponder={[Function]}
        style={
          Object {
            "opacity": 1,
          }
        }
      >
        <View
          style={
            Array [
              Object {
                "flex": 1,
              },
              undefined,
              false,
              undefined,
              undefined,
              undefined,
              undefined,
              undefined,
              undefined,
              Object {
                "borderRadius": 10,
              },
              Object {
                "shadowColor": "#000000",
                "shadowOffset": Object {
                  "height": 4,
                  "width": 0,
                },
                "shadowOpacity": 0.1,
                "shadowRadius": 10,
              },
              undefined,
              undefined,
              undefined,
              Object {
                "alignSelf": "center",
                "width": "85%",
              },
            ]
          }
        >
          <Text
            style={
              Object {
                "alignSelf": "center",
                "fontSize": 20,
                "fontWeight": "bold",
                "marginTop": 30,
              }
            }
          >
            Search Appointment
          </Text>
          <Image
            source={
              Object {
                "testUri": "../../../assets/appointment_search.png",
              }
            }
            style={
              Object {
                "alignContent": "center",
                "alignItems": "center",
                "alignSelf": "center",
                "height": 230,
                "marginBottom": 20,
                "width": 230,
              }
            }
          />
        </View>
      </View>
    </View>
  </RCTScrollView>
</View>
`;
