// Jest Snapshot v1, https://goo.gl/fbAQLP

exports[`Signup SnapShot 1`] = `
<View
  style={
    Object {
      "backgroundColor": "#ffffff",
      "flex": 1,
      "justifyContent": "flex-end",
    }
  }
>
  <View
    style={
      Object {
        "bottom": 0,
        "left": 0,
        "position": "absolute",
        "right": 0,
        "top": 0,
      }
    }
  >
    <Image
      blurRadius={5}
      source={
        Object {
          "process": [Function],
        }
      }
      style={
        Object {
          "flex": 1,
          "height": null,
          "width": null,
        }
      }
    />
  </View>
  <TextInput
    allowFontScaling={true}
    autoCapitalize="none"
    onChangeText={[Function]}
    placeholder="First Name"
    rejectResponderTermination={true}
    style={
      Object {
        "backgroundColor": "white",
        "borderColor": "rgba(0,0,0,0.2)",
        "borderRadius": 25,
        "borderWidth": 0.5,
        "height": 35,
        "marginBottom": 20,
        "marginHorizontal": 20,
        "marginLeft": 50,
        "marginRight": 50,
        "marginVertical": 5,
        "paddingLeft": 10,
      }
    }
    underlineColorAndroid="transparent"
    value=""
  />
  <TextInput
    allowFontScaling={true}
    autoCapitalize="none"
    onChangeText={[Function]}
    placeholder="Last Name"
    rejectResponderTermination={true}
    style={
      Object {
        "backgroundColor": "white",
        "borderColor": "rgba(0,0,0,0.2)",
        "borderRadius": 25,
        "borderWidth": 0.5,
        "height": 35,
        "marginBottom": 20,
        "marginHorizontal": 20,
        "marginLeft": 50,
        "marginRight": 50,
        "marginVertical": 5,
        "paddingLeft": 10,
      }
    }
    underlineColorAndroid="transparent"
    value=""
  />
  <TextInput
    allowFontScaling={true}
    autoCapitalize="none"
    onChangeText={[Function]}
    placeholder="Email"
    rejectResponderTermination={true}
    style={
      Object {
        "backgroundColor": "white",
        "borderColor": "rgba(0,0,0,0.2)",
        "borderRadius": 25,
        "borderWidth": 0.5,
        "height": 35,
        "marginBottom": 20,
        "marginHorizontal": 20,
        "marginLeft": 50,
        "marginRight": 50,
        "marginVertical": 5,
        "paddingLeft": 10,
      }
    }
    underlineColorAndroid="transparent"
    value=""
  />
  <TextInput
    allowFontScaling={true}
    autoCapitalize="none"
    onChangeText={[Function]}
    placeholder="Password"
    rejectResponderTermination={true}
    secureTextEntry={true}
    style={
      Object {
        "backgroundColor": "white",
        "borderColor": "rgba(0,0,0,0.2)",
        "borderRadius": 25,
        "borderWidth": 0.5,
        "height": 35,
        "marginBottom": 20,
        "marginHorizontal": 20,
        "marginLeft": 50,
        "marginRight": 50,
        "marginVertical": 5,
        "paddingLeft": 10,
      }
    }
    underlineColorAndroid="transparent"
    value=""
  />
  <TextInput
    allowFontScaling={true}
    autoCapitalize="none"
    onChangeText={[Function]}
    placeholder="Confirm Password"
    rejectResponderTermination={true}
    secureTextEntry={true}
    style={
      Object {
        "backgroundColor": "white",
        "borderColor": "rgba(0,0,0,0.2)",
        "borderRadius": 25,
        "borderWidth": 0.5,
        "height": 35,
        "marginBottom": 20,
        "marginHorizontal": 20,
        "marginLeft": 50,
        "marginRight": 50,
        "marginVertical": 5,
        "paddingLeft": 10,
      }
    }
    underlineColorAndroid="transparent"
    value=""
  />
  <View
    accessible={true}
    isTVSelectable={true}
    onResponderGrant={[Function]}
    onResponderMove={[Function]}
    onResponderRelease={[Function]}
    onResponderTerminate={[Function]}
    onResponderTerminationRequest={[Function]}
    onStartShouldSetResponder={[Function]}
    style={
      Object {
        "opacity": 1,
      }
    }
  >
    <View
      style={
        Object {
          "alignItems": "center",
          "backgroundColor": "white",
          "borderRadius": 35,
          "height": 50,
          "justifyContent": "center",
          "marginBottom": 40,
          "marginHorizontal": 20,
          "marginLeft": 50,
          "marginRight": 50,
          "marginVertical": 5,
          "shadowColor": "black",
          "shadowOffset": Object {
            "height": 2,
            "width": 2,
          },
          "shadowOpacity": 0.2,
          "width": 250,
        }
      }
    >
      <Text
        style={
          Object {
            "fontSize": 20,
            "fontWeight": "bold",
          }
        }
      >
        SIGN UP
      </Text>
    </View>
  </View>
  <View
    accessible={true}
    isTVSelectable={true}
    onResponderGrant={[Function]}
    onResponderMove={[Function]}
    onResponderRelease={[Function]}
    onResponderTerminate={[Function]}
    onResponderTerminationRequest={[Function]}
    onStartShouldSetResponder={[Function]}
    style={
      Object {
        "opacity": 1,
      }
    }
  >
    <View
      style={
        Object {
          "alignItems": "center",
          "backgroundColor": "white",
          "borderRadius": 40,
          "height": 40,
          "justifyContent": "center",
          "left": 355,
          "marginBottom": 150,
          "shadowColor": "black",
          "shadowOffset": Object {
            "height": 2,
            "width": 2,
          },
          "shadowOpacity": 0.2,
          "width": 40,
        }
      }
    >
      <Text
        style={
          Object {
            "fontSize": 15,
          }
        }
      >
        X
      </Text>
    </View>
  </View>
</View>
`;
